2025-11-28 08:29:26 [AWT-EventQueue-0] INFO  fr.pompey.cda24060.controller.Main - L'application Swing Sparadrap a démarré avec succès.
2025-11-28 08:44:53 [AWT-EventQueue-0] INFO  fr.pompey.cda24060.controller.Main - L'application Swing Sparadrap a démarré avec succès.
2025-11-28 08:45:54 [AWT-EventQueue-0] INFO  fr.pompey.cda24060.controller.Main - L'application Swing Sparadrap a démarré avec succès.
2025-11-28 08:45:55 [AWT-EventQueue-0] ERROR fr.pompey.cda24060.controller.Main - Exception non gérée dans le thread AWT-EventQueue-0 : Cannot invoke "java.sql.Date.toString()" because "this.patDateNaissance" is null
java.lang.NullPointerException: Cannot invoke "java.sql.Date.toString()" because "this.patDateNaissance" is null
	at fr.pompey.cda24060.model.Patient.<init>(Patient.java:34)
	at fr.pompey.cda24060.DAO.PatientDAO.extractPatientFromResultSet(PatientDAO.java:238)
	at fr.pompey.cda24060.DAO.PatientDAO.getAll(PatientDAO.java:95)
	at fr.pompey.cda24060.swingUI.consulterPatient.chargerPatientsDepuisBDD(consulterPatient.java:99)
	at fr.pompey.cda24060.swingUI.consulterPatient.<init>(consulterPatient.java:70)
	at fr.pompey.cda24060.swingUI.Menu.displayAddClient(Menu.java:101)
	at fr.pompey.cda24060.swingUI.Menu.lambda$new$3(Menu.java:60)
	at java.desktop/javax.swing.AbstractButton.fireActionPerformed(AbstractButton.java:1972)
	at java.desktop/javax.swing.AbstractButton$Handler.actionPerformed(AbstractButton.java:2314)
	at java.desktop/javax.swing.DefaultButtonModel.fireActionPerformed(DefaultButtonModel.java:407)
	at java.desktop/javax.swing.DefaultButtonModel.setPressed(DefaultButtonModel.java:262)
	at java.desktop/javax.swing.plaf.basic.BasicButtonListener.mouseReleased(BasicButtonListener.java:279)
	at java.desktop/java.awt.Component.processMouseEvent(Component.java:6621)
	at java.desktop/javax.swing.JComponent.processMouseEvent(JComponent.java:3398)
	at java.desktop/java.awt.Component.processEvent(Component.java:6386)
	at java.desktop/java.awt.Container.processEvent(Container.java:2266)
	at java.desktop/java.awt.Component.dispatchEventImpl(Component.java:4996)
	at java.desktop/java.awt.Container.dispatchEventImpl(Container.java:2324)
	at java.desktop/java.awt.Component.dispatchEvent(Component.java:4828)
	at java.desktop/java.awt.LightweightDispatcher.retargetMouseEvent(Container.java:4948)
	at java.desktop/java.awt.LightweightDispatcher.processMouseEvent(Container.java:4575)
	at java.desktop/java.awt.LightweightDispatcher.dispatchEvent(Container.java:4516)
	at java.desktop/java.awt.Container.dispatchEventImpl(Container.java:2310)
	at java.desktop/java.awt.Window.dispatchEventImpl(Window.java:2780)
	at java.desktop/java.awt.Component.dispatchEvent(Component.java:4828)
	at java.desktop/java.awt.EventQueue.dispatchEventImpl(EventQueue.java:775)
	at java.desktop/java.awt.EventQueue$4.run(EventQueue.java:720)
	at java.desktop/java.awt.EventQueue$4.run(EventQueue.java:714)
	at java.base/java.security.AccessController.doPrivileged(AccessController.java:400)
	at java.base/java.security.ProtectionDomain$JavaSecurityAccessImpl.doIntersectionPrivilege(ProtectionDomain.java:87)
	at java.base/java.security.ProtectionDomain$JavaSecurityAccessImpl.doIntersectionPrivilege(ProtectionDomain.java:98)
	at java.desktop/java.awt.EventQueue$5.run(EventQueue.java:747)
	at java.desktop/java.awt.EventQueue$5.run(EventQueue.java:745)
	at java.base/java.security.AccessController.doPrivileged(AccessController.java:400)
	at java.base/java.security.ProtectionDomain$JavaSecurityAccessImpl.doIntersectionPrivilege(ProtectionDomain.java:87)
	at java.desktop/java.awt.EventQueue.dispatchEvent(EventQueue.java:744)
	at java.desktop/java.awt.EventDispatchThread.pumpOneEventForFilters(EventDispatchThread.java:203)
	at java.desktop/java.awt.EventDispatchThread.pumpEventsForFilter(EventDispatchThread.java:124)
	at java.desktop/java.awt.EventDispatchThread.pumpEventsForHierarchy(EventDispatchThread.java:113)
	at java.desktop/java.awt.EventDispatchThread.pumpEvents(EventDispatchThread.java:109)
	at java.desktop/java.awt.EventDispatchThread.pumpEvents(EventDispatchThread.java:101)
	at java.desktop/java.awt.EventDispatchThread.run(EventDispatchThread.java:90)
2025-11-28 08:46:16 [AWT-EventQueue-0] INFO  fr.pompey.cda24060.controller.Main - L'application Swing Sparadrap a démarré avec succès.
